// Jest Snapshot v1, https://goo.gl/fbAQLP

exports[`Pruebas sobre el componente <GifGrid /> debe de mostrarse correctamente 1`] = `
<Fragment>
  <hr />
  <h3
    className="animate__animated animate__fadeInDown"
  >
    pikatchu
  </h3>
  <img
    alt="Cargando"
    className="cargando animate__animated animate__pulse"
    src="loading-animation.gif"
  />
  <div
    className="card-grid"
  />
</Fragment>
`;
